ImportError in file "/orcd/data/tami/003/projects/Ishaq/SimPhyNI/simphyni/Snakefile.py", line 13:
/lib64/libm.so.6: version `GLIBC_2.23' not found (required by /home/iobal/orcd/pool/miniconda3/envs/simphyni_dev/lib/python3.11/site-packages/sklearn/metrics/cluster/_expected_mutual_info_fast.cpython-311-x86_64-linux-gnu.so)
  File "/orcd/data/tami/003/projects/Ishaq/SimPhyNI/simphyni/Snakefile.py", line 13, in <module>
  File "/home/iobal/orcd/pool/miniconda3/envs/simphyni_dev/lib/python3.11/importlib/resources/_common.py", line 22, in files
  File "/home/iobal/orcd/pool/miniconda3/envs/simphyni_dev/lib/python3.11/importlib/resources/_common.py", line 53, in get_package
  File "/home/iobal/orcd/pool/miniconda3/envs/simphyni_dev/lib/python3.11/importlib/resources/_common.py", line 44, in resolve
  File "/home/iobal/orcd/pool/miniconda3/envs/simphyni_dev/lib/python3.11/importlib/__init__.py", line 126, in import_module
  File "<frozen importlib._bootstrap>", line 1204, in _gcd_import
  File "<frozen importlib._bootstrap>", line 1176, in _find_and_load
  File "<frozen importlib._bootstrap>", line 1147, in _find_and_load_unlocked
  File "<frozen importlib._bootstrap>", line 690, in _load_unlocked
  File "<frozen importlib._bootstrap_external>", line 940, in exec_module
  File "<frozen importlib._bootstrap>", line 241, in _call_with_frames_removed
  File "/orcd/data/tami/003/projects/Ishaq/SimPhyNI/simphyni/__init__.py", line 2, in <module>
  File "/orcd/data/tami/003/projects/Ishaq/SimPhyNI/simphyni/Simulation/__init__.py", line 1, in <module>
  File "/orcd/data/tami/003/projects/Ishaq/SimPhyNI/simphyni/Simulation/tree_simulator.py", line 10, in <module>
  File "/orcd/data/tami/003/projects/Ishaq/SimPhyNI/simphyni/Simulation/pair_statistics.py", line 2, in <module>
  File "/home/iobal/orcd/pool/miniconda3/envs/simphyni_dev/lib/python3.11/site-packages/sklearn/metrics/__init__.py", line 6, in <module>
  File "/home/iobal/orcd/pool/miniconda3/envs/simphyni_dev/lib/python3.11/site-packages/sklearn/metrics/cluster/__init__.py", line 12, in <module>
  File "/home/iobal/orcd/pool/miniconda3/envs/simphyni_dev/lib/python3.11/site-packages/sklearn/metrics/cluster/_supervised.py", line 17, in <module>
